Removing conda version miniforge3-24.7.1
No conda package cache directories found outside your home directory. To
prevent conda from filling up your home directory, you can create a new
directory at `/work/pi_<your_pi_name>/$USER/.conda/pkgs` and reload the module. 
No conda environment directories found outside your home directory. To prevent
conda from filling up your home directory, you can create a new directory at
`/work/pi_<your_pi_name>/$USER/.conda/envs` and reload the module. 
Loading conda version miniforge3-24.7.1
wandb: WARNING The anonymous setting has no effect and will be removed in a future version.
wandb: [wandb.login()] Loaded credentials for https://api.wandb.ai from /home/psshetty_umass_edu/.netrc.
wandb: Currently logged in as: prakritishetty02 (balachandradevarangadi-umass-amherst) to https://api.wandb.ai. Use `wandb login --relogin` to force relogin
wandb: Tracking run with wandb version 0.24.2
wandb: Run data is saved locally in ../../saved_diff_models/controlled_privasis_diff/wandb/run-20260510_184332-w0q99yu8
wandb: Run `wandb offline` to turn off syncing.
wandb: Syncing run swept-snowball-82
wandb: ⭐️ View project at https://wandb.ai/balachandradevarangadi-umass-amherst/text_denoising_diffusion
wandb: 🚀 View run at https://wandb.ai/balachandradevarangadi-umass-amherst/text_denoising_diffusion/runs/w0q99yu8
Generating train split: 0 examples [00:00, ? examples/s]Generating train split: 889 examples [00:00, 3978.65 examples/s]Generating train split: 889 examples [00:00, 3795.69 examples/s]
Map:   0%|          | 0/720 [00:00<?, ? examples/s]Map:   1%|          | 7/720 [00:00<00:11, 60.15 examples/s]Map:   3%|▎         | 23/720 [00:00<00:06, 113.33 examples/s]Map:   7%|▋         | 49/720 [00:00<00:03, 173.35 examples/s]Map:  12%|█▏        | 83/720 [00:00<00:02, 232.11 examples/s]Map:  18%|█▊        | 132/720 [00:00<00:01, 315.46 examples/s]Map:  25%|██▌       | 181/720 [00:00<00:01, 367.99 examples/s]Map:  32%|███▏      | 233/720 [00:00<00:01, 411.84 examples/s]Map:  39%|███▊      | 278/720 [00:00<00:01, 416.29 examples/s]Map:  46%|████▌     | 328/720 [00:00<00:00, 439.30 examples/s]Map:  53%|█████▎    | 381/720 [00:01<00:00, 460.02 examples/s]Map:  62%|██████▏   | 449/720 [00:01<00:00, 456.43 examples/s]Map:  67%|██████▋   | 482/720 [00:01<00:00, 357.06 examples/s]
Traceback (most recent call last):
  File "../../train_text_diffusion.py", line 260, in <module>
    main(args)
  File "../../train_text_diffusion.py", line 71, in main
    trainer = Trainer(
  File "/gypsum/work1/zamani/prakriti/privasis_baseline/diffusion/text_denoising_diffusion.py", line 725, in __init__
    self.train_val_dataloader = text_dataset.get_dataloader(args, dataset['train'].select(range(min(1000, len(dataset['train'])))), self.bart_model.config, self.tokenizer, self.max_seq_len, shuffle=False, context_tokenizer=self.context_tokenizer)
  File "/gypsum/work1/zamani/prakriti/privasis_baseline/dataset_utils/text_dataset.py", line 216, in get_dataloader
    dataset = dataset.map(tokenization, remove_columns=['x', 'xt', 'id'], batched=False)
  File "/home/psshetty_umass_edu/.conda/envs/latent-lang-diff/lib/python3.8/site-packages/datasets/arrow_dataset.py", line 560, in wrapper
    out: Union["Dataset", "DatasetDict"] = func(self, *args, **kwargs)
  File "/home/psshetty_umass_edu/.conda/envs/latent-lang-diff/lib/python3.8/site-packages/datasets/arrow_dataset.py", line 3055, in map
    for rank, done, content in Dataset._map_single(**dataset_kwargs):
  File "/home/psshetty_umass_edu/.conda/envs/latent-lang-diff/lib/python3.8/site-packages/datasets/arrow_dataset.py", line 3428, in _map_single
    example = apply_function_on_filtered_inputs(example, i, offset=offset)
  File "/home/psshetty_umass_edu/.conda/envs/latent-lang-diff/lib/python3.8/site-packages/datasets/arrow_dataset.py", line 3320, in apply_function_on_filtered_inputs
    processed_inputs = function(*fn_args, *additional_args, **fn_kwargs)
  File "/gypsum/work1/zamani/prakriti/privasis_baseline/dataset_utils/text_dataset.py", line 188, in tokenization
    all_texts = [example['x']] + example['xt']
TypeError: can only concatenate list (not "NoneType") to list
Traceback (most recent call last):
  File "../../train_text_diffusion.py", line 260, in <module>
    main(args)
  File "../../train_text_diffusion.py", line 71, in main
    trainer = Trainer(
  File "/gypsum/work1/zamani/prakriti/privasis_baseline/diffusion/text_denoising_diffusion.py", line 725, in __init__
    self.train_val_dataloader = text_dataset.get_dataloader(args, dataset['train'].select(range(min(1000, len(dataset['train'])))), self.bart_model.config, self.tokenizer, self.max_seq_len, shuffle=False, context_tokenizer=self.context_tokenizer)
  File "/gypsum/work1/zamani/prakriti/privasis_baseline/dataset_utils/text_dataset.py", line 216, in get_dataloader
    dataset = dataset.map(tokenization, remove_columns=['x', 'xt', 'id'], batched=False)
  File "/home/psshetty_umass_edu/.conda/envs/latent-lang-diff/lib/python3.8/site-packages/datasets/arrow_dataset.py", line 560, in wrapper
    out: Union["Dataset", "DatasetDict"] = func(self, *args, **kwargs)
  File "/home/psshetty_umass_edu/.conda/envs/latent-lang-diff/lib/python3.8/site-packages/datasets/arrow_dataset.py", line 3055, in map
    for rank, done, content in Dataset._map_single(**dataset_kwargs):
  File "/home/psshetty_umass_edu/.conda/envs/latent-lang-diff/lib/python3.8/site-packages/datasets/arrow_dataset.py", line 3428, in _map_single
    example = apply_function_on_filtered_inputs(example, i, offset=offset)
  File "/home/psshetty_umass_edu/.conda/envs/latent-lang-diff/lib/python3.8/site-packages/datasets/arrow_dataset.py", line 3320, in apply_function_on_filtered_inputs
    processed_inputs = function(*fn_args, *additional_args, **fn_kwargs)
  File "/gypsum/work1/zamani/prakriti/privasis_baseline/dataset_utils/text_dataset.py", line 188, in tokenization
    all_texts = [example['x']] + example['xt']
TypeError: can only concatenate list (not "NoneType") to list
