Removing conda version miniforge3-24.7.1
No conda package cache directories found outside your home directory. To
prevent conda from filling up your home directory, you can create a new
directory at `/work/pi_<your_pi_name>/$USER/.conda/pkgs` and reload the module. 
No conda environment directories found outside your home directory. To prevent
conda from filling up your home directory, you can create a new directory at
`/work/pi_<your_pi_name>/$USER/.conda/envs` and reload the module. 
Loading conda version miniforge3-24.7.1
wandb: WARNING The anonymous setting has no effect and will be removed in a future version.
wandb: [wandb.login()] Loaded credentials for https://api.wandb.ai from /home/psshetty_umass_edu/.netrc.
wandb: Currently logged in as: prakritishetty02 (balachandradevarangadi-umass-amherst) to https://api.wandb.ai. Use `wandb login --relogin` to force relogin
wandb: Tracking run with wandb version 0.24.2
wandb: Run data is saved locally in saved_diff_models/controlled_privasis_diff/wandb/run-20260508_045728-o59js5za
wandb: Run `wandb offline` to turn off syncing.
wandb: Syncing run tough-snowball-38
wandb: ⭐️ View project at https://wandb.ai/balachandradevarangadi-umass-amherst/text_denoising_diffusion
wandb: 🚀 View run at https://wandb.ai/balachandradevarangadi-umass-amherst/text_denoising_diffusion/runs/o59js5za
Traceback (most recent call last):
  File "../../train_text_diffusion.py", line 260, in <module>
    main(args)
  File "../../train_text_diffusion.py", line 71, in main
    trainer = Trainer(
  File "/gypsum/work1/zamani/prakriti/privasis_baseline/diffusion/text_denoising_diffusion.py", line 716, in __init__
    dataset = text_dataset.get_dataset(dataset_name,)
  File "/gypsum/work1/zamani/prakriti/privasis_baseline/dataset_utils/text_dataset.py", line 63, in get_dataset
    dataset = load_dataset("json", data_files=data_files)
  File "/home/psshetty_umass_edu/.conda/envs/latent-lang-diff/lib/python3.8/site-packages/datasets/load.py", line 2132, in load_dataset
    builder_instance = load_dataset_builder(
  File "/home/psshetty_umass_edu/.conda/envs/latent-lang-diff/lib/python3.8/site-packages/datasets/load.py", line 1853, in load_dataset_builder
    dataset_module = dataset_module_factory(
  File "/home/psshetty_umass_edu/.conda/envs/latent-lang-diff/lib/python3.8/site-packages/datasets/load.py", line 1556, in dataset_module_factory
    return PackagedDatasetModuleFactory(
  File "/home/psshetty_umass_edu/.conda/envs/latent-lang-diff/lib/python3.8/site-packages/datasets/load.py", line 942, in get_module
    data_files = DataFilesDict.from_patterns(
  File "/home/psshetty_umass_edu/.conda/envs/latent-lang-diff/lib/python3.8/site-packages/datasets/data_files.py", line 721, in from_patterns
    else DataFilesList.from_patterns(
  File "/home/psshetty_umass_edu/.conda/envs/latent-lang-diff/lib/python3.8/site-packages/datasets/data_files.py", line 624, in from_patterns
    resolve_pattern(
  File "/home/psshetty_umass_edu/.conda/envs/latent-lang-diff/lib/python3.8/site-packages/datasets/data_files.py", line 411, in resolve_pattern
    raise FileNotFoundError(error_msg)
FileNotFoundError: Unable to find '/gypsum/work1/zamani/prakriti/privasis_baseline/scripts/sbatch/privasis_gpt4o_abstraction.json'
Traceback (most recent call last):
  File "../../train_text_diffusion.py", line 260, in <module>
    main(args)
  File "../../train_text_diffusion.py", line 71, in main
    trainer = Trainer(
  File "/gypsum/work1/zamani/prakriti/privasis_baseline/diffusion/text_denoising_diffusion.py", line 716, in __init__
    dataset = text_dataset.get_dataset(dataset_name,)
  File "/gypsum/work1/zamani/prakriti/privasis_baseline/dataset_utils/text_dataset.py", line 63, in get_dataset
    dataset = load_dataset("json", data_files=data_files)
  File "/home/psshetty_umass_edu/.conda/envs/latent-lang-diff/lib/python3.8/site-packages/datasets/load.py", line 2132, in load_dataset
    builder_instance = load_dataset_builder(
  File "/home/psshetty_umass_edu/.conda/envs/latent-lang-diff/lib/python3.8/site-packages/datasets/load.py", line 1853, in load_dataset_builder
    dataset_module = dataset_module_factory(
  File "/home/psshetty_umass_edu/.conda/envs/latent-lang-diff/lib/python3.8/site-packages/datasets/load.py", line 1556, in dataset_module_factory
    return PackagedDatasetModuleFactory(
  File "/home/psshetty_umass_edu/.conda/envs/latent-lang-diff/lib/python3.8/site-packages/datasets/load.py", line 942, in get_module
    data_files = DataFilesDict.from_patterns(
  File "/home/psshetty_umass_edu/.conda/envs/latent-lang-diff/lib/python3.8/site-packages/datasets/data_files.py", line 721, in from_patterns
    else DataFilesList.from_patterns(
  File "/home/psshetty_umass_edu/.conda/envs/latent-lang-diff/lib/python3.8/site-packages/datasets/data_files.py", line 624, in from_patterns
    resolve_pattern(
  File "/home/psshetty_umass_edu/.conda/envs/latent-lang-diff/lib/python3.8/site-packages/datasets/data_files.py", line 411, in resolve_pattern
    raise FileNotFoundError(error_msg)
FileNotFoundError: Unable to find '/gypsum/work1/zamani/prakriti/privasis_baseline/scripts/sbatch/privasis_gpt4o_abstraction.json'
