Trainable: perceiver_ae.perceiver_encoder.latents
Trainable: perceiver_ae.perceiver_encoder.pos_emb.emb.weight
Trainable: perceiver_ae.perceiver_encoder.layers.0.0.norm.weight
Trainable: perceiver_ae.perceiver_encoder.layers.0.0.norm.bias
Trainable: perceiver_ae.perceiver_encoder.layers.0.0.norm_latents.weight
Trainable: perceiver_ae.perceiver_encoder.layers.0.0.norm_latents.bias
Trainable: perceiver_ae.perceiver_encoder.layers.0.0.query_norm.gamma
Trainable: perceiver_ae.perceiver_encoder.layers.0.0.key_norm.gamma
Trainable: perceiver_ae.perceiver_encoder.layers.0.0.to_q.weight
Trainable: perceiver_ae.perceiver_encoder.layers.0.0.latent_to_kv.weight
Trainable: perceiver_ae.perceiver_encoder.layers.0.0.to_kv.weight
Trainable: perceiver_ae.perceiver_encoder.layers.0.0.to_out.0.weight
Trainable: perceiver_ae.perceiver_encoder.layers.0.0.to_out.0.bias
Trainable: perceiver_ae.perceiver_encoder.layers.0.1.0.weight
Trainable: perceiver_ae.perceiver_encoder.layers.0.1.0.bias
Trainable: perceiver_ae.perceiver_encoder.layers.0.1.1.weight
Trainable: perceiver_ae.perceiver_encoder.layers.0.1.1.bias
Trainable: perceiver_ae.perceiver_encoder.layers.0.1.4.weight
Trainable: perceiver_ae.perceiver_encoder.layers.0.1.4.bias
Trainable: perceiver_ae.perceiver_encoder.layers.1.0.norm.weight
Trainable: perceiver_ae.perceiver_encoder.layers.1.0.norm.bias
Trainable: perceiver_ae.perceiver_encoder.layers.1.0.norm_latents.weight
Trainable: perceiver_ae.perceiver_encoder.layers.1.0.norm_latents.bias
Trainable: perceiver_ae.perceiver_encoder.layers.1.0.query_norm.gamma
Trainable: perceiver_ae.perceiver_encoder.layers.1.0.key_norm.gamma
Trainable: perceiver_ae.perceiver_encoder.layers.1.0.to_q.weight
Trainable: perceiver_ae.perceiver_encoder.layers.1.0.latent_to_kv.weight
Trainable: perceiver_ae.perceiver_encoder.layers.1.0.to_kv.weight
Trainable: perceiver_ae.perceiver_encoder.layers.1.0.to_out.0.weight
Trainable: perceiver_ae.perceiver_encoder.layers.1.0.to_out.0.bias
Trainable: perceiver_ae.perceiver_encoder.layers.1.1.0.weight
Trainable: perceiver_ae.perceiver_encoder.layers.1.1.0.bias
Trainable: perceiver_ae.perceiver_encoder.layers.1.1.1.weight
Trainable: perceiver_ae.perceiver_encoder.layers.1.1.1.bias
Trainable: perceiver_ae.perceiver_encoder.layers.1.1.4.weight
Trainable: perceiver_ae.perceiver_encoder.layers.1.1.4.bias
Trainable: perceiver_ae.perceiver_encoder.final_norm.weight
Trainable: perceiver_ae.perceiver_encoder.final_norm.bias
Trainable: perceiver_ae.perceiver_decoder.pos_emb.emb.weight
Trainable: perceiver_ae.perceiver_decoder.input_proj.weight
Trainable: perceiver_ae.perceiver_decoder.input_proj.bias
Trainable: perceiver_ae.perceiver_decoder.layers.0.0.norm.weight
Trainable: perceiver_ae.perceiver_decoder.layers.0.0.norm.bias
Trainable: perceiver_ae.perceiver_decoder.layers.0.0.query_norm.gamma
Trainable: perceiver_ae.perceiver_decoder.layers.0.0.key_norm.gamma
Trainable: perceiver_ae.perceiver_decoder.layers.0.0.to_q.weight
Trainable: perceiver_ae.perceiver_decoder.layers.0.0.to_k.weight
Trainable: perceiver_ae.perceiver_decoder.layers.0.0.to_v.weight
Trainable: perceiver_ae.perceiver_decoder.layers.0.0.to_out.weight
Trainable: perceiver_ae.perceiver_decoder.layers.0.0.to_out.bias
Trainable: perceiver_ae.perceiver_decoder.layers.0.1.0.weight
Trainable: perceiver_ae.perceiver_decoder.layers.0.1.0.bias
Trainable: perceiver_ae.perceiver_decoder.layers.0.1.1.weight
Trainable: perceiver_ae.perceiver_decoder.layers.0.1.1.bias
Trainable: perceiver_ae.perceiver_decoder.layers.0.1.4.weight
Trainable: perceiver_ae.perceiver_decoder.layers.0.1.4.bias
Trainable: perceiver_ae.perceiver_decoder.layers.1.0.norm.weight
Trainable: perceiver_ae.perceiver_decoder.layers.1.0.norm.bias
Trainable: perceiver_ae.perceiver_decoder.layers.1.0.query_norm.gamma
Trainable: perceiver_ae.perceiver_decoder.layers.1.0.key_norm.gamma
Trainable: perceiver_ae.perceiver_decoder.layers.1.0.to_q.weight
Trainable: perceiver_ae.perceiver_decoder.layers.1.0.to_k.weight
Trainable: perceiver_ae.perceiver_decoder.layers.1.0.to_v.weight
Trainable: perceiver_ae.perceiver_decoder.layers.1.0.to_out.weight
Trainable: perceiver_ae.perceiver_decoder.layers.1.0.to_out.bias
Trainable: perceiver_ae.perceiver_decoder.layers.1.1.0.weight
Trainable: perceiver_ae.perceiver_decoder.layers.1.1.0.bias
Trainable: perceiver_ae.perceiver_decoder.layers.1.1.1.weight
Trainable: perceiver_ae.perceiver_decoder.layers.1.1.1.bias
Trainable: perceiver_ae.perceiver_decoder.layers.1.1.4.weight
Trainable: perceiver_ae.perceiver_decoder.layers.1.1.4.bias
Trainable: perceiver_ae.perceiver_decoder.final_norm.weight
Trainable: perceiver_ae.perceiver_decoder.final_norm.bias
Using 16 samples for evaluation
