usage: train_text_diffusion.py [-h] [--dataset_name DATASET_NAME]
                               [--save_dir SAVE_DIR] [--output_dir OUTPUT_DIR]
                               [--wandb_name WANDB_NAME]
                               [--optimizer OPTIMIZER]
                               [--train_batch_size TRAIN_BATCH_SIZE]
                               [--eval_batch_size EVAL_BATCH_SIZE]
                               [--num_train_steps NUM_TRAIN_STEPS]
                               [--gradient_accumulation_steps GRADIENT_ACCUMULATION_STEPS]
                               [--learning_rate LEARNING_RATE]
                               [--clip_grad_norm CLIP_GRAD_NORM]
                               [--lr_schedule LR_SCHEDULE]
                               [--lr_warmup_steps LR_WARMUP_STEPS]
                               [--adam_beta1 ADAM_BETA1]
                               [--adam_beta2 ADAM_BETA2]
                               [--adam_weight_decay ADAM_WEIGHT_DECAY]
                               [--ema_decay EMA_DECAY]
                               [--ema_update_every EMA_UPDATE_EVERY]
                               [--objective {pred_noise,pred_x0,pred_v}]
                               [--loss_type {l1,l2,smooth_l1}]
                               [--train_schedule {beta_linear,simple_linear,cosine,sigmoid}]
                               [--sampling_schedule {beta_linear,cosine,simple_linear,None}]
                               [--scale SCALE]
                               [--sampling_timesteps SAMPLING_TIMESTEPS]
                               [--normalize_latent]
                               [--save_and_sample_every SAVE_AND_SAMPLE_EVERY]
                               [--num_samples NUM_SAMPLES]
                               [--seq2seq_candidates SEQ2SEQ_CANDIDATES]
                               [--max_seq_len MAX_SEQ_LEN] [--self_condition]
                               [--train_prob_self_cond TRAIN_PROB_SELF_COND]
                               [--sampler {ddpm,ddim,dpmpp}]
                               [--enc_dec_model ENC_DEC_MODEL]
                               [--tx_dim TX_DIM] [--tx_depth TX_DEPTH]
                               [--scale_shift]
                               [--num_dense_connections NUM_DENSE_CONNECTIONS]
                               [--disable_dropout] [--class_conditional]
                               [--class_unconditional_prob CLASS_UNCONDITIONAL_PROB]
                               [--seq2seq_unconditional_prob SEQ2SEQ_UNCONDITIONAL_PROB]
                               [--amp] [--mixed_precision {no,fp16,bf16}]
                               [--eval] [--eval_test] [--resume_training]
                               [--resume_dir RESUME_DIR]
                               [--latent_model_path LATENT_MODEL_PATH]
                               [--init_path INIT_PATH]
train_text_diffusion.py: error: unrecognized arguments: --train_file ../../dataset_utils/privasis_gpt4o_abstraction_1.json --val_file ../../dataset_utils/val_privasis_gpt4o.json
